<html>
<body>
<pre>
<h1>µVision Build Log</h1>
<h2>Tool Versions:</h2>
IDE-Version: ¦ÌVision V5.25.3.0
Copyright (C) 2018 ARM Ltd and ARM Germany GmbH. All rights reserved.
License Information: LevB Administrator, LevB, LIC=----
 
Tool Versions:
Toolchain:       MDK-Lite  Version: 5.27.1.0
Toolchain Path:  S:\Program\Program Tools\Keil\ARM\ARMCC\Bin
C Compiler:      Armcc.exe V5.06 update 6 (build 750)
Assembler:       Armasm.exe V5.06 update 6 (build 750)
Linker/Locator:  ArmLink.exe V5.06 update 6 (build 750)
Library Manager: ArmAr.exe V5.06 update 6 (build 750)
Hex Converter:   FromElf.exe V5.06 update 6 (build 750)
CPU DLL:         SARMCM3.DLL V5.27.1.0
Dialog DLL:      DCM.DLL V1.17.2.0
Target DLL:      CMSIS_AGDI.dll V1.31.17.0
Dialog DLL:      TCM.DLL V1.36.1.0
 
<h2>Project:</h2>
S:\National Electronic Design Competition\Data\432\MSP432_Quick_entry-master\10_RNA_OLED_Test_IIC\project\keil\my_project_ROM.uvprojx
Project File Date:  05/29/2023

<h2>Output:</h2>
*** Using Compiler 'V5.06 update 6 (build 750)', folder: 'S:\Program\Program Tools\Keil\ARM\ARMCC\Bin'
Build target 'my_project'
compiling pwm.c...
..\..\code\pwm.c(253): warning:  #1-D: last line of file ends without a newline
  }
..\..\code\pwm.c: 1 warning, 0 errors
linking...
Program Size: Code=3946 RO-data=2746 RW-data=120 ZI-data=608  
After Build - User command #1: fromelf --bin --output .\Build\my_project_ROM.bin .\Build\my_project_ROM.axf
".\Build\my_project_rom.axf" - 0 Error(s), 1 Warning(s).

<h2>Software Packages used:</h2>

Package Vendor: ARM
                http://www.keil.com/pack/ARM.CMSIS.5.5.1.pack
                ARM.CMSIS.5.5.1
                CMSIS (Cortex Microcontroller Software Interface Standard)
   * Component: CORE Version: 5.2.0

Package Vendor: TexasInstruments
                http://software-dl.ti.com/msp430/msp430_public_sw/mcu/msp430/msp432cmsis/latest/exports/TexasInstruments.MSP432P4xx_DFP.3.2.6.pack
                TexasInstruments.MSP432P4xx_DFP.3.2.6
                Device Family Pack for Texas Instruments SimpleLink(TM) MSP432 Series

<h2>Collection of Component include folders:</h2>
  .\RTE\_my_project
  S:\Program\Program Tools\Keil\ARM\CMSIS\5.5.1\CMSIS\Core\Include
  S:\Program\Program Tools\Keil\TexasInstruments\MSP432P4xx_DFP\3.2.6\Device\Include

<h2>Collection of Component Files used:</h2>

   * Component: ARM::CMSIS:CORE:5.2.0
Build Time Elapsed:  00:00:01
</pre>
</body>
</html>
